nohup: ignoring input
Loaded 180 breast cancer, 16 other cancer, 0 failed
Running pipeline on 10 patients...

[1/10] Patient 6fcf56ed-8ad8-4395-a966-9ebee3822656
  Running baseline...
  Running protected...
  baseline_prefilter=10 protected_prefilter=8 protected_postfilter=6 clarification_rounds=0
  Saved progress to /home/ubuntu/roleguard_project/data/results/pipeline_10patients.json

[2/10] Patient 1c83fb03-d139-4626-bb39-4a062c22b533
  Running baseline...
  Running protected...
  baseline_prefilter=5 protected_prefilter=14 protected_postfilter=9 clarification_rounds=1
  Saved progress to /home/ubuntu/roleguard_project/data/results/pipeline_10patients.json

[3/10] Patient 5efa5654-8190-4f4d-9ba3-3b79448440b5
  Running baseline...
  Running protected...
  baseline_prefilter=10 protected_prefilter=10 protected_postfilter=4 clarification_rounds=0
  Saved progress to /home/ubuntu/roleguard_project/data/results/pipeline_10patients.json

[4/10] Patient 896d3035-d036-4c8a-9901-367dc8814495
  Running baseline...
  Running protected...
  baseline_prefilter=4 protected_prefilter=7 protected_postfilter=4 clarification_rounds=0
  Saved progress to /home/ubuntu/roleguard_project/data/results/pipeline_10patients.json

[5/10] Patient cc4c634f-c2ff-4963-b75a-fa2e33dc208f
  Running baseline...
  Running protected...
  baseline_prefilter=9 protected_prefilter=13 protected_postfilter=2 clarification_rounds=0
  Saved progress to /home/ubuntu/roleguard_project/data/results/pipeline_10patients.json

[6/10] Patient d11e7fb0-5853-4762-b8fa-6cd9008a790b
  Running baseline...
  Running protected...
  baseline_prefilter=3 protected_prefilter=10 protected_postfilter=0 clarification_rounds=0
  Saved progress to /home/ubuntu/roleguard_project/data/results/pipeline_10patients.json

[7/10] Patient c762bbaa-b207-4b4d-8123-e5bc93e3b99b
  Running baseline...
  Running protected...
  baseline_prefilter=9 protected_prefilter=9 protected_postfilter=9 clarification_rounds=1
  Saved progress to /home/ubuntu/roleguard_project/data/results/pipeline_10patients.json

[8/10] Patient de3666a6-b4e3-4ec8-9ae7-bde168e03465
  Running baseline...
  Running protected...
  baseline_prefilter=8 protected_prefilter=9 protected_postfilter=5 clarification_rounds=0
  Saved progress to /home/ubuntu/roleguard_project/data/results/pipeline_10patients.json

[9/10] Patient 42c179ad-99bd-4ca4-861f-7151d774a243
  Running baseline...
  Running protected...
  baseline_prefilter=8 protected_prefilter=7 protected_postfilter=8 clarification_rounds=1
  Saved progress to /home/ubuntu/roleguard_project/data/results/pipeline_10patients.json

[10/10] Patient ddd8d7a4-5992-4572-a231-80bc305298b1
  Running baseline...
  Running protected...
  baseline_prefilter=13 protected_prefilter=10 protected_postfilter=2 clarification_rounds=0
  Saved progress to /home/ubuntu/roleguard_project/data/results/pipeline_10patients.json
Done!
